// Jest Snapshot v1, https://goo.gl/fbAQLP

exports[`#Bar renders learn react link 1`] = `ShallowWrapper {}`;
