// Jest Snapshot v1, https://goo.gl/fbAQLP

exports[`#BarList renders learn react link 1`] = `ShallowWrapper {}`;
