// Jest Snapshot v1, https://goo.gl/fbAQLP

exports[`#Button renders learn react link 1`] = `ShallowWrapper {}`;
