// Jest Snapshot v1, https://goo.gl/fbAQLP

exports[`#ButtonList renders learn react link 1`] = `ShallowWrapper {}`;
