// Jest Snapshot v1, https://goo.gl/fbAQLP

exports[`#Select renders learn react link 1`] = `ShallowWrapper {}`;
